


ARM Macro Assembler    Page 1 


    1 00000000                 AREA             PROG_2_4, CODE, READONLY ;ADDIT
                                                            ION OF TWO 64 BIT N
                                                            UMBER
    2 00000000                 ENTRY
    3 00000000 E59F002C        LDR              R0,=0xE0090000
    4 00000004 E59F902C        LDR              R9,=0XE009001B
    5 00000008         
    6 00000008 E5901000        LDR              R1,[R0]
    7 0000000C E5902004        LDR              R2,[R0,#04]
    8 00000010         
    9 00000010 E0913002        ADDS             R3,R1,R2    ;LOWER NIBBLE
   10 00000014         
   11 00000014 E5904008        LDR              R4,[R0,#08]
   12 00000018 E590500C        LDR              R5,[R0,#12]
   13 0000001C         
   14 0000001C E0B47005        ADCS             R7,R4,R5
   15 00000020         
   16 00000020 E3A08000        MOV              R8,0X00
   17 00000024 E0A88008        ADC              R8,R8,R8
   18 00000028         
   19 00000028 E5893000        STR              R3,[R9]
   20 0000002C E5897004        STR              R7,[R9,#4]
   21 00000030 E5898008        STR              R8,[R9,#8]
   22 00000034                 END
              E0090000 
              E009001B 
Command Line: --debug --xref --apcs=interwork -o2.o -ID:\armkeil\ARM\INC -ID:\a
rmkeil\ARM\INC\Philips --predefine="__EVAL SETA 1" --list=2.lst 2.asm



ARM Macro Assembler    Page 1 Alphabetic symbol ordering
Relocatable symbols

PROG_2_4 00000000

Symbol: PROG_2_4
   Definitions
      At line 1 in file 2.asm
   Uses
      None
Comment: PROG_2_4 unused
1 symbol
323 symbols in table
